[www.amazon.com/index.html]
[backblue.gif]
[fade.gif]
[index.html]
[images-na.ssl-images-amazon.com/images/I/61XKxrBtDVLdce7.js]
[images-na.ssl-images-amazon.com/images/I/11EIQ5IGqaL._RC_01ZTHTZObnL.css,41jsiPzxYxL.css,31qGOnSAToL.css,013z33uKh2L.css,017DsKjNQJL.css,0131vqwP5UL.css,41EWOOlBJ9L.css,11TIuySqr6L.css,01]
[www.amazon.com/@p/index.html]
[www.amazon.com/@c/index.html]
[www.amazon.com/sp.load.2.delayed]
[images-na.ssl-images-amazon.com/images/I/51nuScoZXSL4221.js]
[images-na.ssl-images-amazon.com/images/G/01/gno/sprites/nav-sprite-global-1x-hm-dsk-reorg._CB405937547_.png]
[images-na.ssl-images-amazon.com/images/G/01/javascripts/lib/popover/images/snake._CB485935611_.gif]
[images-na.ssl-images-amazon.com/images/G/01/gno/sprites/timeline_sprite_1x._CB485945973_.png]
[images-na.ssl-images-amazon.com/images/I/41jYP-J89aL6243.css]
[images-na.ssl-images-amazon.com/images/I/41KBYOkTjIL._RC_71pxb+E1-0L.css,31g1ibO5ySL.css,31CdpXAsWCL.css,31YZpDCYJPL.css,21MKjoYL8wL.css,41OiMQkB+EL.css,01yCq3WXEcL.css,11kO7yAgiQL.css,31]
[images-na.ssl-images-amazon.com/images/I/01rGP6HIADL864b.js]
[images-na.ssl-images-amazon.com/images/I/01ud5AL9Z+L._RC_41oi1N7LSaL.js_7769.js]
[images-na.ssl-images-amazon.com/images/I/31ehJAZh1KL85fc.js]
[images-na.ssl-images-amazon.com/images/I/91-5zeKrsjLc8cc.js]
[www.amazon.com/POST]
[images-na.ssl-images-amazon.com/images/G/01/x-locale/common/transparent-pixel._CB485935036_.gif]
[www.amazon.com/ref=nav_logo.html]
[www.amazon.com/gp/customer-preferences/select-language/ref=topnav_lang8129.html]
[www.amazon.com/gp/css/order-history.114328.delayed]
[www.amazon.com/gp/site-directory4a22]
[www.amazon.com/gp/help/customer/displayc348.html]
[www.amazon.com/gp/bestsellers/indexc1fc.html]
[www.amazon.com/events/epicdeals7d82.html]
[www.amazon.com/gp/new-releases/indexec73.html]
[www.amazon.com/gp/browsefcef.html]
[www.amazon.com/registries19c9.html]
[www.amazon.com/stores/node/20648519011ba1a.html]
[www.amazon.com/books-used-books-textbooks/b/index7b6e.html]
[www.amazon.com/amazon-fashion/b/indexdf00.html]
[www.amazon.com/Kindle-eBooks/b/indexb140.html]
[www.amazon.com/toys/b/index9cbb.html]
[www.amazon.com/gift-cards/b/index70fa.html]
[www.amazon.com/home-garden-kitchen-furniture-bedding/b/indexe7e1.html]
[www.amazon.com/automotive-auto-truck-replacements-parts/b/indexce2b.html]
[www.amazon.com/computer-pc-hardware-accessories-add-ons/b/index7178.html]
[www.amazon.com/b/index83e1.html]
[www.amazon.com/gcx/Gifts-for-Everyone/gfhz/index03b5.html]
[www.amazon.com/Tools-and-Home-Improvement/b/index8673.html]
[www.amazon.com/computer-video-games-hardware-accessories/b/index41fd.html]
[www.amazon.com/Smart-Home/b/index16c0.html]
[www.amazon.com/Coupons/b/index61c4.html]
[www.amazon.com/health-personal-care-nutrition-fitness/b/index598d.html]
[www.amazon.com/Beauty-Makeup-Skin-Hair-Products/b/indexbb7b.html]
[www.amazon.com/pet-shops-dogs-cats-hamsters-kittens/b/index533e.html]
[www.amazon.com/tv-video/b/index6f75.html]
[www.amazon.com/baby-car-seats-strollers-bedding/b/indexfe7f.html]
[www.amazon.com/Handmade/b/index767f.html]
[www.amazon.com/Sports-Fitness/b/indexfd3d.html]
[www.amazon.com/gp/help/customer/accessibility]
[www.amazon.com/b/index04ab.html]
[www.amazon.com/gp/anywhere/site-view3301.html]
[m.media-amazon.com/images/I/61UC6V+bK1L._SX1500_.jpg]
[www.amazon.com/gp/aw/ref=mw_access.html]
[images-na.ssl-images-amazon.com/images/G/01/AMAZON_FASHION/2021/journeys/OGJkMmRjNzQt/OGJkMmRjNzQt-NWNjM2ViZjIt-w379._SY304_CB640525411_.jpg]
[www.amazon.com/sb7b4.html]
[www.amazon.com/dp/B08NCGKHKF/ref=ods_gw_eg_wk41_d_h1_hw_be/index.html]
[www.amazon.com/b/ref=OUT_J_DQC_D_EN_US4d1a.html]
[images-na.ssl-images-amazon.com/images/G/01/AmazonServices/Site/US/Product/FBA/Outlet/Merchandising/Outlet_GW_J_186x116_Evergreen_Oct_2021._SY116_CB640520999_.jpg]
[images-na.ssl-images-amazon.com/images/G/01/AmazonServices/Site/US/Product/FBA/Outlet/Merchandising/Outlet_GW_P_186x116_Evergreen_Oct_2021._SY116_CB640520999_.jpg]
[www.amazon.com/b/ref=OUT_P_DQC_D_EN_USf5a6.html]
[www.amazon.com/b/ref=OUT_E_DQC_D_EN_USf09e.html]
[images-na.ssl-images-amazon.com/images/G/01/AmazonServices/Site/US/Product/FBA/Outlet/Merchandising/Outlet_GW_E_186x116_Evergreen_Oct_2021._SY116_CB640520999_.jpg]
[images-na.ssl-images-amazon.com/images/G/01/AmazonServices/Site/US/Product/FBA/Outlet/Merchandising/Outlet_GW_T_186x116_Evergreen_Oct_2021._SY116_CB640520999_.jpg]
[www.amazon.com/b/ref=OUT_T_DQC_D_EN_US3344.html]
[www.amazon.com/Outlet/ref=OUT_DQC_D_EN_US.html]
[www.amazon.com/Bose-Sleepbuds-II-technology-Clinically/dp/B08FRR6Z1N0500.html]
[m.media-amazon.com/images/I/21mLf2dyG1L._AC_SY230_.jpg]
[m.media-amazon.com/images/I/21mLf2dyG1L._AC_SY460_.jpg]
[images-na.ssl-images-amazon.com/images/I/31G8Sk-V2sL430e.js]
[www.amazon.com/events/epicdeals4932.html]
[images-na.ssl-images-amazon.com/images/G/01/Top_Brands/Holiday2021/10_10/Collage_10.10_CellPhoneAccessories_186x116._SY116_CB638717098_.jpg]
[images-na.ssl-images-amazon.com/images/G/01/Top_Brands/Holiday2021/10_10/Collage_10.10_Fashion_186x116._SY116_CB638717098_.jpg]
[www.amazon.com/b/node=9538491011.html]
[www.amazon.com/events/epicdeals88b8.html]
[images-na.ssl-images-amazon.com/images/G/01/Top_Brands/Holiday2021/10_10/Collage_10.10_Furniture_186x116._SY116_CB638728900_.jpg]
[www.amazon.com/events/epicdealse1fe.html]
[images-na.ssl-images-amazon.com/images/G/01/Top_Brands/Holiday2021/10_10/Collage_10.10_Beauty_186x116._SY116_CB638728900_.jpg]
[www.amazon.com/events/epicdealsc1c2.html]
[images-na.ssl-images-amazon.com/images/S/apesafeframe/ape/sf/desktop/DAsf-1.50.fed02d2fe50.js]
[images-na.ssl-images-amazon.com/images/S/apesafeframe/ape/sf/rtd/safeframeRtd-1.50.fed02d2.js]
[www.amazon.com/events/epicdeals293c.html]
[images-na.ssl-images-amazon.com/images/G/01/US-hq/2021/img/Events/XCM_Manual_1362265_1863490_4097944_US_us_gw_pc_quad_image_card_2x_us_en_372x232_2X_en_US._SY116_CB641728015_.jpg]
[www.amazon.com/events/epicdeals414b.html]
[images-na.ssl-images-amazon.com/images/G/01/US-hq/2021/img/Events/XCM_Manual_1362265_1863494_4097958_US_us_gw_pc_quad_image_card_2x_us_en_186x116_1X_en_US._SY116_CB641728015_.jpg]
[www.amazon.com/events/epicdeals3a2c.html]
[images-na.ssl-images-amazon.com/images/G/01/US-hq/2021/img/Events/XCM_Manual_1362265_1863495_4097950_US_us_gw_pc_quad_image_card_2x_us_en_186x116_1X_en_US._SY116_CB641728014_.jpg]
[www.amazon.com/events/epicdealsd28f.html]
[images-na.ssl-images-amazon.com/images/G/01/US-hq/2021/img/Events/XCM_Manual_1362265_1863499_4097954_US_us_gw_pc_quad_image_card_2x_us_en_186x116_1X_en_US._SY116_CB641728015_.jpg]
[www.amazon.com/events/epicdealscb19.html]
[www.amazon.com/scd5e.html]
[images-na.ssl-images-amazon.com/images/G/01/AMAZON_FASHION/2021/journeys/MGY0YzMzNTMt/MGY0YzMzNTMt-MTc5YTFhNWEt-w186._SY116_CB641288292_.jpg]
[images-na.ssl-images-amazon.com/images/G/01/AMAZON_FASHION/2021/journeys/MGY0YzMzNTMt/MGY0YzMzNTMt-YjA2MTQxNGQt-w186._SY116_CB641288292_.jpg]
[www.amazon.com/sec9b.html]
[www.amazon.com/s5c3f.html]
[images-na.ssl-images-amazon.com/images/G/01/AMAZON_FASHION/2021/journeys/MGY0YzMzNTMt/MGY0YzMzNTMt-OTVmYmI4NTUt-w186._SY116_CB641288292_.jpg]
[images-na.ssl-images-amazon.com/images/G/01/AMAZON_FASHION/2021/journeys/MGY0YzMzNTMt/MGY0YzMzNTMt-ZDlmNDJlODEt-w186._SY116_CB641288292_.jpg]
[www.amazon.com/s03ad.html]
[www.amazon.com/events/epicdeals54f6.html]
[www.amazon.com/b/index1bb2.html]
[images-na.ssl-images-amazon.com/images/G/01/US-hq/2021/img/Events/XCM_Manual_1362265_1863488_4097945_US_us_gw_pc_quad_image_card_2x_us_en_186x116_1X_en_US._SY116_CB641728015_.jpg]
[www.amazon.com/b/ref_=EDD21_P1_GW_Desk_DashQuad_v1_FASHdf76.html]
[images-na.ssl-images-amazon.com/images/G/01/US-hq/2021/img/Events/XCM_Manual_1362265_1863489_4097947_US_us_gw_pc_quad_image_card_2x_us_en_186x116_1X_en_US._SY116_CB641728015_.jpg]
[www.amazon.com/events/epicdealsd00d.html]
[images-na.ssl-images-amazon.com/images/G/01/US-hq/2021/img/Events/XCM_Manual_1362265_1863491_4109752_US_us_gw_pc_quad_image_card_2x_us_en_186x116_1X_en_US._SY116_CB639861821_.jpg]
[www.amazon.com/events/epicdealsfd52.html]
[images-na.ssl-images-amazon.com/images/G/01/US-hq/2021/img/Events/XCM_Manual_1362265_1863493_4097956_US_us_gw_pc_quad_image_card_2x_us_en_186x116_1X_en_US._SY116_CB641728015_.jpg]
[www.amazon.com/events/epicdeals8c71.html]
[www.amazon.com/stores/page/80FB17FB-7D73-4AA8-9000-6B4F2D125FC7c726.html]
[images-na.ssl-images-amazon.com/images/G/01/PLF/AmazonEssentials/2021/HOLIDAY/QUAD/AE_FAM_FLEECE_GW_QUADCARD_186x116_1X_2._SY116_CB641373719_.jpg]
[images-na.ssl-images-amazon.com/images/G/01/PLF/AmazonEssentials/2021/HOLIDAY/QUAD/AE_FAM_FLEECE_GW_QUADCARD_186x116_1X_1._SY116_CB641374069_.jpg]
[www.amazon.com/stores/page/3E8CBBC6-938A-462E-BD02-C6193E11B8E7f2d3.html]
[images-na.ssl-images-amazon.com/images/G/01/PLF/AmazonEssentials/2021/HOLIDAY/QUAD/AE_FAM_FLEECE_GW_QUADCARD_186x116_1X_4._SY116_CB641374069_.jpg]
[www.amazon.com/s3247.html]
[www.amazon.com/se7e4.html]
[images-na.ssl-images-amazon.com/images/G/01/PLF/AmazonEssentials/2021/HOLIDAY/QUAD/AE_FAM_FLEECE_GW_QUADCARD_186x116_1X_3._SY116_CB641374069_.jpg]
[www.amazon.com/stores/page/0BDA596A-8E8F-4F8A-A7EC-078DDFA360F74e79.html]
[images-na.ssl-images-amazon.com/images/G/01/AMAZON_FASHION/2021/journeys/MGY0YzMzNTMt/MGY0YzMzNTMt-ZTlmNzE3ODYt-w379._SY304_CB641678473_.jpg]
[www.amazon.com/s1a85.html]
[images-na.ssl-images-amazon.com/images/G/01/US-hq/2021/img/Events/Holiday/Deals/Homepage/HOL21_DesktopShoveler_400x400_Halloween_1x._CB641944654_.jpg]
[www.amazon.com/gcx/Gifts-for-Everyone/gfhz/index65ba.html]
[images-na.ssl-images-amazon.com/images/G/01/US-hq/2021/img/Events/XCM_Manual_1365045_1880879_4098073_US_us_gw_pc_bubble_shoveler_2x_us_en_200x200_1X_en_US._CB641245974_.jpg]
[www.amazon.com/gcx/The-Halloween-Store/gfhz/events/index3198.html]
[www.amazon.com/gcx/-/gfhz/events/index56e7.html]
[www.amazon.com/gcx/Holiday-Toy-List/gfhz/events/index40d9.html]
[images-na.ssl-images-amazon.com/images/G/01/US-hq/2021/img/Events/Holiday/Deals/Homepage/HOL21_DesktopShoveler_400x400_HolidayToyList_1x._CB641944654_.jpg]
[www.amazon.com/gcx/Holiday-Electronics-Gift-Guide/gfhz/eventsc330.html]
[images-na.ssl-images-amazon.com/images/G/01/US-hq/2021/img/Events/Holiday/Deals/Homepage/HOL21_DesktopShoveler_400x400_ElectronicGifts_1x._CB641944655_.jpg]
[www.amazon.com/b/node=20209830011c05d.html]
[images-na.ssl-images-amazon.com/images/G/01/US-hq/2021/img/Events/Holiday/Deals/Homepage/HOL21_DesktopShoveler_400x400_FashionGifts_1x._CB641944655_.jpg]
[images-na.ssl-images-amazon.com/images/G/01/US-hq/2021/img/Events/Holiday/Deals/Homepage/HOL21_DesktopShoveler_400x400_BeautyGifts_1x._CB641944655_.jpg]
[images-na.ssl-images-amazon.com/images/G/01/US-hq/2021/img/Events/Holiday/Deals/Homepage/HOL21_DesktopShoveler_400x400_HomeGifts_1x._CB641944654_.jpg]
[www.amazon.com/alm/storefront794a.html]
[www.amazon.com/gcx/Holiday-Beauty-Gift-Guide/gfhz/events/index6dc9.html]
[www.amazon.com/gcx/-/gfhz/events/index6faa.html]
[images-na.ssl-images-amazon.com/images/G/01/US-hq/2021/img/Events/Holiday/Deals/Homepage/HOL21_DesktopShoveler_400x400_GroceryDelivery_1x._CB641944654_.jpg]
[images-na.ssl-images-amazon.com/images/G/01/US-hq/2021/img/Events/Holiday/Deals/Homepage/HOL21_DesktopShoveler_400x400_AllGifts_1x._CB641944655_.jpg]
[www.amazon.com/gcx/Gifts-for-Everyone/gfhz/indexf611.html]
[www.amazon.com/stores/page/DA28D515-99C2-4ED9-B804-CBBCC832A151a001.html]
[m.media-amazon.com/images/I/614eucvmZvL._AC_SY200_.jpg]
[m.media-amazon.com/images/I/71HN-9FFSDL._AC_SY200_.jpg]
[m.media-amazon.com/images/I/61UO1ht7G4L._AC_SY200_.jpg]
[m.media-amazon.com/images/I/71+5HWhi1FL._AC_SY200_.jpg]
[m.media-amazon.com/images/I/718RH0zBcbL._AC_SY200_.jpg]
[m.media-amazon.com/images/I/51r1D3B4+HL._AC_SY200_.jpg]
[m.media-amazon.com/images/I/913aJKdl3jL._AC_SY200_.jpg]
[www.amazon.com/MANU-Atelier-Cylinder-Shoulder-Redbole/dp/B07RR1CTF8/index3021.html]
[www.amazon.com/Madewell-Womens-Transport-English-Saddle/dp/B07GC196JV/index3021.html]
[www.amazon.com/MANU-Atelier-Womens-Cylinder-Shoulder/dp/B07MVDTC5G/index3021.html]
[www.amazon.com/Vasic-Womens-Bond-Mini-Taupe/dp/B07VZWL9N7/index3021.html]
[www.amazon.com/Elleme-Womens-Vague-Shoulder-Black/dp/B08J4FQMMY/index3021.html]
[www.amazon.com/Loeffler-Randall-Analeigh-Oversized-Gathered/dp/B083R7M9DX/index3021.html]
[m.media-amazon.com/images/I/51c2RTS6gdL._AC_SY200_.jpg]
[www.amazon.com/MANU-Atelier-Womens-Cylinder-Vanilla/dp/B082595322/index3021.html]
[www.amazon.com/MANU-Atelier-Womens-Cylinder-Reddish/dp/B09GSWZN48/index3021.html]
[www.amazon.com/Elleme-Womens-Vague-Lambskin-Light/dp/B08CRYF6P2/index3021.html]
[m.media-amazon.com/images/I/61VmKKujbuL._AC_SY200_.jpg]
[m.media-amazon.com/images/I/61wl1rm7fKL._AC_SY400_.jpg]
[m.media-amazon.com/images/I/61dGNonsf-L._AC_SY400_.jpg]
[m.media-amazon.com/images/I/61EoO4RrJWL._AC_SY400_.jpg]
[m.media-amazon.com/images/I/51Tqrsh2vGS._AC_SY400_.jpg]
[m.media-amazon.com/images/I/71OYoCDR+0S._AC_SY400_.jpg]
[m.media-amazon.com/images/I/712R4RJyp1S._AC_SY400_.jpg]
[m.media-amazon.com/images/I/91cyRlprv9L._AC_SY400_.jpg]
[m.media-amazon.com/images/I/918MTHmr+kL._AC_SY400_.jpg]
[m.media-amazon.com/images/I/71VT07pMnRL._AC_SY400_.jpg]
[m.media-amazon.com/images/I/81MZ5D1wHpL._AC_SY200_.jpg]
[m.media-amazon.com/images/I/41iWogJnZQL._AC_SY200_.jpg]
[m.media-amazon.com/images/I/71OicfvCsbL._AC_SY200_.jpg]
[m.media-amazon.com/images/I/51chV1BJHXL._AC_SY200_.jpg]
[m.media-amazon.com/images/I/61YQnXsG5BL._AC_SY200_.jpg]
[m.media-amazon.com/images/I/61vEzFd6mVL._AC_SY200_.jpg]
[www.amazon.com/MANU-Atelier-Cylinder-Shoulder-Redbole/dp/B08JQQPTMF/index3021.html]
[www.amazon.com/Vasic-Womens-Bond-Ivory-White/dp/B07XM8YPVC/index3021.html]
[www.amazon.com/MANU-Atelier-Womens-Cylinder-White/dp/B08VF19YXS/index3021.html]
[m.media-amazon.com/images/I/71nK-Ti90+L._AC_SY200_.jpg]
[www.amazon.com/Elleme-Womens-Vague-Shoulder-Camel/dp/B0949947LT/index3021.html]
[www.amazon.com/MANU-Atelier-Womens-Ruched-Cylinder/dp/B096T19SLC/index3021.html]
[www.amazon.com/MANU-Atelier-Womens-Cylinder-Shoulder/dp/B096YGYN4B/index3021.html]
[www.amazon.com/MANU-Atelier-Womens-Mini-Cylinder/dp/B0973F6Q71/index3021.html]
[www.amazon.com/MANU-Atelier-Womens-Cylinder-Reddish/dp/B09GTC48NV/index3021.html]
[www.amazon.com/Vasic-Womens-Bond-Mini-Black/dp/B07W6X62PY/index3021.html]
[www.amazon.com/Apple-20W-USB-C-Power-Adapter/dp/B08L5M9BTJ/index44b1.html]
[www.amazon.com/AILUN-Protector-Compatible-Tempered-Anti-Scratch/dp/B07H2V5YLH/index44b1.html]
[www.amazon.com/Ailun-Protector-Compatible-Tempered-Friendly/dp/B09CSSP9C1/index44b1.html]
[www.amazon.com/Trianium-Screen-Protector-Compatible-Tempered/dp/B09D8WY8B8/index44b1.html]
[www.amazon.com/Spigen-Tempered-Protector-Designed-Friendly/dp/B095RQQTRF/index44b1.html]
[www.amazon.com/Spigen-Tempered-Protector-Glas-tR-designed/dp/B095RTJH1M/index44b1.html]
[m.media-amazon.com/images/I/81npNMXFqXL._AC_SY200_.jpg]
[www.amazon.com/Mkeke-Compatible-iPhone-Protector-Tempered/dp/B07HRN9J19/index44b1.html]
[www.amazon.com/Ailun-Protector-Compatible-Friendly-Tempered/dp/B08DGNGDFR/index44b1.html]
[www.amazon.com/Apple-MHXH3AM-A-MagSafe-Charger/dp/B08L5NP6NG/index44b1.html]
[m.media-amazon.com/images/I/91ghhfky4LL._AC_SY200_.jpg]
[m.media-amazon.com/images/I/61Ei1-clkJL._AC_SY400_.jpg]
[m.media-amazon.com/images/I/61dE7YS7O5L._AC_SY400_.jpg]
[m.media-amazon.com/images/I/71ncIkBW8qL._AC_SY400_.jpg]
[m.media-amazon.com/images/I/31xQoCyKJ7S._AC_SY400_.jpg]
[m.media-amazon.com/images/I/71mXm6wjKSL._AC_SY400_.jpg]
[m.media-amazon.com/images/I/61UM-8FgMuS._AC_SY400_.jpg]
[m.media-amazon.com/images/I/61Y8nGacOwL._AC_SY400_.jpg]
[m.media-amazon.com/images/I/71-a7F4zObL._AC_SY400_.jpg]
[m.media-amazon.com/images/I/71OK47TrmQL._AC_SY400_.jpg]
[m.media-amazon.com/images/I/81CVqvi2wIL._AC_SY400_.jpg]
[images-na.ssl-images-amazon.com/images/G/01/US-hq/2021/img/Events/XCM_CUTTLE_1360298_1843012_US_186x116_1X_en_US._SY116_CB642508157_.jpg]
[www.amazon.com/gcx/Holiday-Electronics-Gift-Guide/gfhz/events33e0.html]
[www.amazon.com/Maxboost-Protector-Compatible-Tempered-Alignment/dp/B09D6PRKX5/index44b1.html]
[www.amazon.com/Charger-LUOATIP-Adapter-Charging-Replacement/dp/B07TK6MPNB/index44b1.html]
[www.amazon.com/Ailun-Protector-Compatible-Tempered-Hardness/dp/B09CSYNDMH/index44b1.html]
[www.amazon.com/Magnetic-Charging-Portable-Wireless-Compatible/dp/B08S6T3XL9/index44b1.html]
[www.amazon.com/Elando-Compatible-Non-Yellowing-Protective-Shockproof/dp/B09CPR2BBF/index44b1.html]
[www.amazon.com/JETech-Screen-Protector-iPhone-Tempered/dp/B07515P7PT/index44b1.html]
[www.amazon.com/JETech-Screen-Protector-6-1-Inch-Tempered/dp/B07GZSDHSK/index44b1.html]
[www.amazon.com/JETech-Screen-Protector-4-7-Inch-Tempered/dp/B07QQZDDR4/index44b1.html]
[www.amazon.com/Mkeke-Compatible-iPhone-Protector-Tempered/dp/B09BMQH55C/index44b1.html]
[www.amazon.com/gcx/Holiday-Toy-List/gfhz/events/index6e92.html]
[www.amazon.com/AILUN-Compatible-Protector-Tempered-Anti-Scratch/dp/B07H1DHJBV/index44b1.html]
[images-na.ssl-images-amazon.com/images/G/01/US-hq/2021/img/Events/XCM_CUTTLE_1360298_1843013_US_186x116_1X_en_US._SY116_CB641912809_.jpg]
[www.amazon.com/gcx/-/gfhz/events/index6684.html]
[images-na.ssl-images-amazon.com/images/G/01/US-hq/2021/img/Events/XCM_CUTTLE_1360298_1843014_US_186x116_1X_en_US._SY116_CB641912809_.jpg]
[images-na.ssl-images-amazon.com/images/G/01/US-hq/2021/img/Events/XCM_CUTTLE_1360298_1843011_US_186x116_1X_en_US._SY116_CB642508157_.jpg]
[www.amazon.com/b/node=202098300117043.html]
[www.amazon.com/gcx/Gifts-for-Everyone/gfhz/indexaaf3.html]
[m.media-amazon.com/images/I/61KQl9qCXWL._AC_SY145_.jpg]
[m.media-amazon.com/images/I/61KQl9qCXWL._AC_SY290_.jpg]
[m.media-amazon.com/images/I/71ruAFxHw5L._AC_SY145_.jpg]
[m.media-amazon.com/images/I/71ruAFxHw5L._AC_SY290_.jpg]
[m.media-amazon.com/images/I/61jYHYe8y+L._AC_SY145_.jpg]
[www.amazon.com/Halloween-Candy-Chocolate-Silicone-Pumpkin/dp/B07VYXVF15/indexad3d.html]
[www.amazon.com/Candy-Halloween-Autumn-candy-pounds/dp/B013NJM2MI/indexad3d.html]
[m.media-amazon.com/images/I/61jYHYe8y+L._AC_SY290_.jpg]
[m.media-amazon.com/images/I/71KKnVgTUBL._AC_SY145_.jpg]
[m.media-amazon.com/images/I/71KKnVgTUBL._AC_SY290_.jpg]
[m.media-amazon.com/images/I/91uOGK5bQ5L._AC_SY110_.jpg]
[www.amazon.com/gcx/Halloween-Party-Supplies/gfhz/events/index7ff9.html]
[www.amazon.com/Chef-Craft-Cupcake-Liners-Halloween/dp/B00KS9T7HA/indexad3d.html]
[www.amazon.com/Autumn-Hanging-Swirls-Thanksgiving-Decorations/dp/B07HFCHPY8/indexad3d.html]
[www.amazon.com/AmazonBasics-ZJS-16066-6-1-Cat-Hammock-Grey/dp/B07GL45JHQ/index9e7f.html]
[m.media-amazon.com/images/I/91uOGK5bQ5L._AC_SY220_.jpg]
[m.media-amazon.com/images/I/61SNn+9vkPL._AC_SY110_.jpg]
[m.media-amazon.com/images/I/61SNn+9vkPL._AC_SY220_.jpg]
[m.media-amazon.com/images/I/710nmyMA3RS._AC_SY110_.jpg]
[m.media-amazon.com/images/I/710nmyMA3RS._AC_SY220_.jpg]
[m.media-amazon.com/images/I/71gLiVwL8+L._AC_SY110_.jpg]
[m.media-amazon.com/images/I/71gLiVwL8+L._AC_SY220_.jpg]
[m.media-amazon.com/images/I/71s7HbyqzEL._AC_SY110_.jpg]
[m.media-amazon.com/images/I/71s7HbyqzEL._AC_SY220_.jpg]
[www.amazon.com/AmazonBasics-Cat-Tree-Condo-X-Large/dp/B07G383L78/index9e7f.html]
[www.amazon.com/AmazonBasics-Cat-Tree-Cave-Large/dp/B07G3QX6N2/index9e7f.html]
[m.media-amazon.com/images/I/816zfIkvO3L._AC_SY110_.jpg]
[www.amazon.com/stores/page/DD4071E7-E22D-4088-A73D-35D7A9324543/index8052.html]
[m.media-amazon.com/images/I/816zfIkvO3L._AC_SY220_.jpg]
[www.amazon.com/AmazonBasics-Tree-Dual-Post-Cave/dp/B07FW5RFZS/index9e7f.html]
[www.amazon.com/AmazonBasics-4-Piece-Packing-Cube-Set/dp/B014VBIEZQ/indexadb1.html]
[www.amazon.com/AmazonBasics-Hardside-Spinner-Luggage-20-Inch/dp/B071VG5N9D/indexadb1.html]
[m.media-amazon.com/images/I/81+ADtxHDkL._AC_SY110_.jpg]
[www.amazon.com/AmazonBasics-Carry-On-Travel-Backpack-Black/dp/B01J24H2K0/indexadb1.html]
[m.media-amazon.com/images/I/81+ADtxHDkL._AC_SY220_.jpg]
[m.media-amazon.com/images/I/61ZC0xwO-CL._AC_SY110_.jpg]
[m.media-amazon.com/images/I/61ZC0xwO-CL._AC_SY220_.jpg]
[m.media-amazon.com/images/I/61azB5Tl5FL._AC_SY110_.jpg]
[m.media-amazon.com/images/I/61azB5Tl5FL._AC_SY220_.jpg]
[m.media-amazon.com/images/I/51EPvU+H93S._AC_SY110_.jpg]
[m.media-amazon.com/images/I/51EPvU+H93S._AC_SY220_.jpg]
[m.media-amazon.com/images/I/412anEGHJES._AC_SY110_.jpg]
[m.media-amazon.com/images/I/412anEGHJES._AC_SY220_.jpg]
[m.media-amazon.com/images/I/51mk1UnOwLL._AC_SY110_.jpg]
[m.media-amazon.com/images/I/51mk1UnOwLL._AC_SY220_.jpg]
[www.amazon.com/stores/page/BD1A832F-4843-48C3-92F0-4B9B26516E6C/index337a.html]
[www.amazon.com/b148a.html]
[www.amazon.com/AmazonBasics-Large-Travel-Luggage-Duffel/dp/B01GGNW2WI/indexadb1.html]
[www.amazon.com/AmazonCommercial-Janitorial-Key-Locking-Cabinet-Black/dp/B07TL3QRT2/indexd212.html]
[www.amazon.com/AmazonCommercial-Shelves-Utility-Loading-Capacity/dp/B07TM5Q939/indexd212.html]
[www.amazon.com/AmazonCommercial-Quart-Plastic-Cleaning-Bucket/dp/B07RX7CL4Y/indexd212.html]
[www.amazon.com/stores/page/AAB75540-485D-4D8A-95F3-7D3C3B8C357B/index1f00.html]
[www.amazon.com/Counting-Dimes-Nickels-Pennies-Kindergarten/dp/B09G211VJV/index6734.html]
[www.amazon.com/AmazonCommercial-Heavy-Duty-12-inch-Dustpan-Grey/dp/B07S3K6VYF/indexd212.html]
[m.media-amazon.com/images/I/912xMrRf54L._AC_SY200_.jpg]
[m.media-amazon.com/images/I/91ncRNn9YoL._AC_SY200_.jpg]
[m.media-amazon.com/images/I/81Lg2KhHy1S._AC_SY200_.jpg]
[m.media-amazon.com/images/I/81imoJ0jw3S._AC_SY200_.jpg]
[m.media-amazon.com/images/I/71vUw0CfbwL._AC_SY200_.jpg]
[www.amazon.com/Learning-My-Numbers-Activities-Book/dp/B09FM55HG9/index6734.html]
[m.media-amazon.com/images/I/91dEyuzDfvL._AC_SY200_.jpg]
[m.media-amazon.com/images/I/91hjCOym2DL._AC_SY200_.jpg]
[www.amazon.com/Math-Facts-Practice-Multiplication-Grades/dp/B095RC7PV8/index6734.html]
[m.media-amazon.com/images/I/819oZolqIyL._AC_SY200_.jpg]
[www.amazon.com/Math-Facts-Practice-Subtraction-Grades/dp/B095QWJ1NB/index6734.html]
[www.amazon.com/Learn-Tell-Time-Kindergarten-Workbook/dp/B09DQSF3RC/index6734.html]
[www.amazon.com/Happy-Birthday-Subitizing-Color-Number/dp/B09DDBNP36/index6734.html]
[www.amazon.com/Brain-Benders-Grades-3-5/dp/B0842YMGNM/index6734.html]
[www.amazon.com/Color-Count-Workbook-Grades-Preschool/dp/B082L28JT3/index6734.html]
[www.amazon.com/Writing-Solving-Step-Equations-Practice/dp/B09FTNWRR4/index6734.html]
[m.media-amazon.com/images/I/81NBfofTKGL._AC_SY200_.html]
[www.amazon.com/index.html]
[images-na.ssl-images-amazon.com/images/I/11EIQ5IGqaL._RC_01ZTHTZObnL.css,41jsiPzxYxL.css,31qGOnSAToL.css,013z33uKh2L.css,017DsKjNQJL.css,0131vqwP5UL.css,41EWOOlBJ9L.css,11TIuySqr6L.css,01]
[www.amazon.com/@c/index.html]
[www.amazon.com/@p/index.html]
[images-na.ssl-images-amazon.com/images/I/61XKxrBtDVLdce7.js]
[www.amazon.com/sp.load.html]
[images-na.ssl-images-amazon.com/images/I/51nuScoZXSL4221.js]
[images-na.ssl-images-amazon.com/images/I/41KBYOkTjIL._RC_71pxb+E1-0L.css,31g1ibO5ySL.css,31CdpXAsWCL.css,31YZpDCYJPL.css,21MKjoYL8wL.css,41OiMQkB+EL.css,01yCq3WXEcL.css,11kO7yAgiQL.css,31]
[images-na.ssl-images-amazon.com/images/I/41jYP-J89aL6243.css]
[images-na.ssl-images-amazon.com/images/I/01rGP6HIADL864b.js]
[images-na.ssl-images-amazon.com/images/I/01ud5AL9Z+L._RC_41oi1N7LSaL.js_7769.js]
[images-na.ssl-images-amazon.com/images/I/31ehJAZh1KL85fc.js]
[images-na.ssl-images-amazon.com/images/I/91-5zeKrsjLc8cc.js]
[www.amazon.com/POST.html]
[www.amazon.com/ref=nav_logo.html]
[www.amazon.com/gp/customer-preferences/select-language/ref=topnav_lang8129.html]
[www.amazon.com/gp/bestsellers/indexc1fc.html]
[www.amazon.com/gp/help/customer/displayc348.html]
[www.amazon.com/gp/new-releases/indexec73.html]
[www.amazon.com/events/epicdeals7d82.html]
[www.amazon.com/books-used-books-textbooks/b/index7b6e.html]
[www.amazon.com/registries19c9.html]
[www.amazon.com/amazon-fashion/b/indexdf00.html]
[www.amazon.com/Kindle-eBooks/b/indexb140.html]
[www.amazon.com/toys/b/index9cbb.html]
[www.amazon.com/gift-cards/b/index70fa.html]
[www.amazon.com/home-garden-kitchen-furniture-bedding/b/indexe7e1.html]
[www.amazon.com/automotive-auto-truck-replacements-parts/b/indexce2b.html]
[www.amazon.com/computer-pc-hardware-accessories-add-ons/b/index7178.html]
[www.amazon.com/b/index83e1.html]
[www.amazon.com/gcx/Gifts-for-Everyone/gfhz/index03b5.html]
[www.amazon.com/Coupons/b/index61c4.html]
[www.amazon.com/Tools-and-Home-Improvement/b/index8673.html]
[www.amazon.com/computer-video-games-hardware-accessories/b/index41fd.html]
[www.amazon.com/Smart-Home/b/index16c0.html]
[www.amazon.com/Beauty-Makeup-Skin-Hair-Products/b/indexbb7b.html]
[www.amazon.com/health-personal-care-nutrition-fitness/b/index598d.html]
[www.amazon.com/stores/node/20648519011ba1a.html]
[www.amazon.com/pet-shops-dogs-cats-hamsters-kittens/b/index533e.html]
[www.amazon.com/tv-video/b/index6f75.html]
[www.amazon.com/baby-car-seats-strollers-bedding/b/indexfe7f.html]
[www.amazon.com/Handmade/b/index767f.html]
[www.amazon.com/Sports-Fitness/b/indexfd3d.html]
[www.amazon.com/b/index04ab.html]
[www.amazon.com/gp/aw/ref=mw_access.html]
[www.amazon.com/dp/B08NCGKHKF/ref=ods_gw_eg_wk41_d_h1_hw_be/index.html]
[www.amazon.com/sb7b4.html]
[www.amazon.com/b/ref=OUT_J_DQC_D_EN_US4d1a.html]
[www.amazon.com/b/ref=OUT_P_DQC_D_EN_USf5a6.html]
[www.amazon.com/b/ref=OUT_E_DQC_D_EN_USf09e.html]
[www.amazon.com/b/ref=OUT_T_DQC_D_EN_US3344.html]
[www.amazon.com/Outlet/ref=OUT_DQC_D_EN_US.html]
[www.amazon.com/Bose-Sleepbuds-II-technology-Clinically/dp/B08FRR6Z1N0500.html]
[www.amazon.com/epicdeals/indexf80e.html]
[www.amazon.com/events/epicdeals4932.html]
[www.amazon.com/b/node=9538491011.html]
[www.amazon.com/events/epicdeals88b8.html]
[www.amazon.com/events/epicdealse1fe.html]
[www.amazon.com/events/epicdealsc1c2.html]
[www.amazon.com/events/epicdeals293c.html]
[www.amazon.com/events/epicdeals414b.html]
[www.amazon.com/events/epicdeals3a2c.html]
[www.amazon.com/events/epicdealsd28f.html]
[www.amazon.com/events/epicdealscb19.html]
[www.amazon.com/scd5e.html]
[www.amazon.com/sec9b.html]
[www.amazon.com/s5c3f.html]
[www.amazon.com/s03ad.html]
[www.amazon.com/b/index1bb2.html]
[www.amazon.com/events/epicdeals54f6.html]
[www.amazon.com/b/ref_=EDD21_P1_GW_Desk_DashQuad_v1_FASHdf76.html]
[www.amazon.com/events/epicdealsd00d.html]
[www.amazon.com/events/epicdealsfd52.html]
[www.amazon.com/events/epicdeals8c71.html]
[www.amazon.com/stores/page/80FB17FB-7D73-4AA8-9000-6B4F2D125FC7c726.html]
[www.amazon.com/stores/page/3E8CBBC6-938A-462E-BD02-C6193E11B8E7f2d3.html]
[www.amazon.com/s3247.html]
[www.amazon.com/se7e4.html]
[www.amazon.com/stores/page/0BDA596A-8E8F-4F8A-A7EC-078DDFA360F74e79.html]
[www.amazon.com/s1a85.html]
[www.amazon.com/gcx/Gifts-for-Everyone/gfhz/index65ba.html]
[www.amazon.com/gcx/The-Halloween-Store/gfhz/events/index3198.html]
[www.amazon.com/gcx/-/gfhz/events/index56e7.html]
[www.amazon.com/gcx/Holiday-Toy-List/gfhz/events/index40d9.html]
[www.amazon.com/gcx/Holiday-Electronics-Gift-Guide/gfhz/eventsc330.html]
[www.amazon.com/b/node=20209830011c05d.html]
[www.amazon.com/gcx/Holiday-Beauty-Gift-Guide/gfhz/events/index6dc9.html]
[www.amazon.com/gcx/-/gfhz/events/index6faa.html]
[www.amazon.com/alm/storefront794a.html]
[www.amazon.com/gcx/Gifts-for-Everyone/gfhz/indexf611.html]
[www.amazon.com/stores/page/DA28D515-99C2-4ED9-B804-CBBCC832A151a001.html]
[www.amazon.com/MANU-Atelier-Cylinder-Shoulder-Redbole/dp/B07RR1CTF8/index3021.html]
[www.amazon.com/Madewell-Womens-Transport-English-Saddle/dp/B07GC196JV/index3021.html]
[www.amazon.com/MANU-Atelier-Womens-Cylinder-Shoulder/dp/B07MVDTC5G/index3021.html]
[www.amazon.com/Vasic-Womens-Bond-Mini-Taupe/dp/B07VZWL9N7/index3021.html]
[www.amazon.com/Elleme-Womens-Vague-Shoulder-Black/dp/B08J4FQMMY/index3021.html]
[www.amazon.com/Loeffler-Randall-Analeigh-Oversized-Gathered/dp/B083R7M9DX/index3021.html]
[www.amazon.com/MANU-Atelier-Womens-Cylinder-Reddish/dp/B09GSWZN48/index3021.html]
[www.amazon.com/MANU-Atelier-Womens-Cylinder-Vanilla/dp/B082595322/index3021.html]
[www.amazon.com/Elleme-Womens-Vague-Lambskin-Light/dp/B08CRYF6P2/index3021.html]
[www.amazon.com/MANU-Atelier-Cylinder-Shoulder-Redbole/dp/B08JQQPTMF/index3021.html]
[www.amazon.com/Vasic-Womens-Bond-Ivory-White/dp/B07XM8YPVC/index3021.html]
[www.amazon.com/MANU-Atelier-Womens-Cylinder-White/dp/B08VF19YXS/index3021.html]
[www.amazon.com/Elleme-Womens-Vague-Shoulder-Camel/dp/B0949947LT/index3021.html]
[www.amazon.com/MANU-Atelier-Womens-Ruched-Cylinder/dp/B096T19SLC/index3021.html]
[www.amazon.com/MANU-Atelier-Womens-Cylinder-Shoulder/dp/B096YGYN4B/index3021.html]
[www.amazon.com/MANU-Atelier-Womens-Mini-Cylinder/dp/B0973F6Q71/index3021.html]
[www.amazon.com/MANU-Atelier-Womens-Cylinder-Reddish/dp/B09GTC48NV/index3021.html]
[www.amazon.com/Vasic-Womens-Bond-Mini-Black/dp/B07W6X62PY/index3021.html]
[www.amazon.com/AILUN-Protector-Compatible-Tempered-Anti-Scratch/dp/B07H2V5YLH/index44b1.html]
[www.amazon.com/Apple-20W-USB-C-Power-Adapter/dp/B08L5M9BTJ/index44b1.html]
[www.amazon.com/Ailun-Protector-Compatible-Tempered-Friendly/dp/B09CSSP9C1/index44b1.html]
[www.amazon.com/Trianium-Screen-Protector-Compatible-Tempered/dp/B09D8WY8B8/index44b1.html]
[www.amazon.com/Spigen-Tempered-Protector-Designed-Friendly/dp/B095RQQTRF/index44b1.html]
[www.amazon.com/Spigen-Tempered-Protector-Glas-tR-designed/dp/B095RTJH1M/index44b1.html]
[www.amazon.com/Mkeke-Compatible-iPhone-Protector-Tempered/dp/B07HRN9J19/index44b1.html]
[www.amazon.com/Ailun-Protector-Compatible-Friendly-Tempered/dp/B08DGNGDFR/index44b1.html]
[www.amazon.com/Apple-MHXH3AM-A-MagSafe-Charger/dp/B08L5NP6NG/index44b1.html]
[www.amazon.com/Maxboost-Protector-Compatible-Tempered-Alignment/dp/B09D6PRKX5/index44b1.html]
[www.amazon.com/Charger-LUOATIP-Adapter-Charging-Replacement/dp/B07TK6MPNB/index44b1.html]
[www.amazon.com/Ailun-Protector-Compatible-Tempered-Hardness/dp/B09CSYNDMH/index44b1.html]
[www.amazon.com/Magnetic-Charging-Portable-Wireless-Compatible/dp/B08S6T3XL9/index44b1.html]
[www.amazon.com/Elando-Compatible-Non-Yellowing-Protective-Shockproof/dp/B09CPR2BBF/index44b1.html]
[www.amazon.com/JETech-Screen-Protector-iPhone-Tempered/dp/B07515P7PT/index44b1.html]
[www.amazon.com/JETech-Screen-Protector-6-1-Inch-Tempered/dp/B07GZSDHSK/index44b1.html]
[www.amazon.com/JETech-Screen-Protector-4-7-Inch-Tempered/dp/B07QQZDDR4/index44b1.html]
[www.amazon.com/Mkeke-Compatible-iPhone-Protector-Tempered/dp/B09BMQH55C/index44b1.html]
[www.amazon.com/AILUN-Compatible-Protector-Tempered-Anti-Scratch/dp/B07H1DHJBV/index44b1.html]
[www.amazon.com/gcx/Holiday-Toy-List/gfhz/events/index6e92.html]
[www.amazon.com/gcx/Holiday-Electronics-Gift-Guide/gfhz/events33e0.html]
[www.amazon.com/gcx/-/gfhz/events/index6684.html]
[www.amazon.com/b/node=202098300117043.html]
[www.amazon.com/gcx/Gifts-for-Everyone/gfhz/indexaaf3.html]
[www.amazon.com/Halloween-Candy-Chocolate-Silicone-Pumpkin/dp/B07VYXVF15/indexad3d.html]
[www.amazon.com/Candy-Halloween-Autumn-candy-pounds/dp/B013NJM2MI/indexad3d.html]
[www.amazon.com/Chef-Craft-Cupcake-Liners-Halloween/dp/B00KS9T7HA/indexad3d.html]
[www.amazon.com/Autumn-Hanging-Swirls-Thanksgiving-Decorations/dp/B07HFCHPY8/indexad3d.html]
[www.amazon.com/gcx/Halloween-Party-Supplies/gfhz/events/index7ff9.html]
[www.amazon.com/AmazonBasics-ZJS-16066-6-1-Cat-Hammock-Grey/dp/B07GL45JHQ/index9e7f.html]
[www.amazon.com/AmazonBasics-Cat-Tree-Condo-X-Large/dp/B07G383L78/index9e7f.html]
[www.amazon.com/AmazonBasics-Cat-Tree-Cave-Large/dp/B07G3QX6N2/index9e7f.html]
[www.amazon.com/AmazonBasics-Tree-Dual-Post-Cave/dp/B07FW5RFZS/index9e7f.html]
[www.amazon.com/stores/page/DD4071E7-E22D-4088-A73D-35D7A9324543/index8052.html]
[www.amazon.com/AmazonBasics-Hardside-Spinner-Luggage-20-Inch/dp/B071VG5N9D/indexadb1.html]
[www.amazon.com/AmazonBasics-4-Piece-Packing-Cube-Set/dp/B014VBIEZQ/indexadb1.html]
[www.amazon.com/AmazonBasics-Carry-On-Travel-Backpack-Black/dp/B01J24H2K0/indexadb1.html]
[www.amazon.com/AmazonBasics-Large-Travel-Luggage-Duffel/dp/B01GGNW2WI/indexadb1.html]
[www.amazon.com/stores/page/BD1A832F-4843-48C3-92F0-4B9B26516E6C/index337a.html]
[www.amazon.com/AmazonCommercial-Janitorial-Key-Locking-Cabinet-Black/dp/B07TL3QRT2/indexd212.html]
[www.amazon.com/AmazonCommercial-Shelves-Utility-Loading-Capacity/dp/B07TM5Q939/indexd212.html]
[www.amazon.com/AmazonCommercial-Quart-Plastic-Cleaning-Bucket/dp/B07RX7CL4Y/indexd212.html]
[www.amazon.com/AmazonCommercial-Heavy-Duty-12-inch-Dustpan-Grey/dp/B07S3K6VYF/indexd212.html]
[www.amazon.com/stores/page/AAB75540-485D-4D8A-95F3-7D3C3B8C357B/index1f00.html]
[www.amazon.com/b148a.html]
[www.amazon.com/Counting-Dimes-Nickels-Pennies-Kindergarten/dp/B09G211VJV/index6734.html]
[www.amazon.com/Learning-My-Numbers-Activities-Book/dp/B09FM55HG9/index6734.html]
[www.amazon.com/Math-Facts-Practice-Multiplication-Grades/dp/B095RC7PV8/index6734.html]
[www.amazon.com/Math-Facts-Practice-Subtraction-Grades/dp/B095QWJ1NB/index6734.html]
[www.amazon.com/Learn-Tell-Time-Kindergarten-Workbook/dp/B09DQSF3RC/index6734.html]
[www.amazon.com/Brain-Benders-Grades-3-5/dp/B0842YMGNM/index6734.html]
[www.amazon.com/Happy-Birthday-Subitizing-Color-Number/dp/B09DDBNP36/index6734.html]
[www.amazon.com/Color-Count-Workbook-Grades-Preschool/dp/B082L28JT3/index6734.html]
[www.amazon.com/Writing-Solving-Step-Equations-Practice/dp/B09FTNWRR4/index6734.html]
